2026-09-17T19:29:14Z INF Thank you for trying Cloudflare Tunnel. Doing so, without a Cloudflare account, is a quick way to experiment and try it out. However, be aware that these account-less Tunnels have no uptime guarantee, are subject to the Cloudflare Online Services Terms of Use (https://www.cloudflare.com/website-terms/), and Cloudflare reserves the right to investigate your use of Tunnels for violations of such terms. If you intend to use Tunnels in production you should use a pre-created named tunnel by following: https://developers.cloudflare.com/cloudflare-one/connections/connect-apps
2026-09-17T19:29:14Z INF Requesting new quick Tunnel on trycloudflare.com...
2026-09-17T19:29:20Z INF +--------------------------------------------------------------------------------------------+
2026-09-17T19:29:20Z INF |  Your quick Tunnel has been created! Visit it at (it may take some time to be reachable):  |
2026-09-17T19:29:20Z INF |  https://biotechnology-initiative-suits-sur.trycloudflare.com                              |
2026-09-17T19:29:20Z INF +--------------------------------------------------------------------------------------------+
2026-09-17T19:29:20Z INF Cannot determine default configuration path. No file [config.yml config.yaml] in [~/.cloudflared ~/.cloudflare-warp ~/cloudflare-warp /etc/cloudflared /usr/local/etc/cloudflared]
2026-09-17T19:29:20Z INF Version 2026.9.1 (Checksum 9a0b19f67dc7a3011bc6b972c7ce06a5fcea8784ac6bd599ffa382ea4aeb5a6e)
2026-09-17T19:29:20Z INF GOOS: darwin, GOVersion: go1.26.2, GoArch: arm64
2026-09-17T19:29:20Z INF Settings: map[ha-connections:1 protocol:quic url:http://127.0.0.1:5001]
2026-09-17T19:29:20Z INF Autoupdate frequency is set autoupdateFreq=86400000
2026-09-17T19:29:20Z INF Generated Connector ID: c6be1588-2156-4731-96ad-84e5ecef8418
2026-09-17T19:29:20Z INF Initial protocol quic
2026-09-17T19:29:20Z INF ICMP proxy will use 10.62.60.93 as source for IPv4
2026-09-17T19:29:20Z INF ICMP proxy will use fe80::a5:8f88:373c:92f in zone en0 as source for IPv6
2026-09-17T19:29:20Z INF Created ICMP proxy listening on 10.62.60.93:0
2026-09-17T19:29:20Z INF ICMP proxy will use 10.62.60.93 as source for IPv4
2026-09-17T19:29:20Z INF ICMP proxy will use fe80::a5:8f88:373c:92f in zone en0 as source for IPv6
2026-09-17T19:29:20Z INF Starting metrics server on 127.0.0.1:20241/metrics
2026-09-17T19:29:20Z INF Tunnel connection curve preferences: [X25519MLKEM768 CurveID(65074) CurveP256] connIndex=0 event=0 ip=2606:4700:a0::1
2026-09-17T19:29:20Z INF +-------------------------------------------------------------------------------------+
2026-09-17T19:29:20Z INF |                               CONNECTIVITY PRE-CHECKS                               |
2026-09-17T19:29:20Z INF +-------------------------------------------------------------------------------------+
2026-09-17T19:29:20Z INF |  COMPONENT         TARGET                     STATUS  DETAILS                       |
2026-09-17T19:29:20Z INF |  DNS Resolution    region1.v2.argotunnel.com  PASS    DNS Resolved successfully     |
2026-09-17T19:29:20Z INF |  DNS Resolution    region2.v2.argotunnel.com  PASS    DNS Resolved successfully     |
2026-09-17T19:29:20Z INF |  UDP Connectivity  region1.v2.argotunnel.com  PASS    QUIC connection successful    |
2026-09-17T19:29:20Z INF |  UDP Connectivity  region2.v2.argotunnel.com  PASS    QUIC connection successful    |
2026-09-17T19:29:20Z INF |  TCP Connectivity  region1.v2.argotunnel.com  PASS    HTTP/2 connection successful  |
2026-09-17T19:29:20Z INF |  TCP Connectivity  region2.v2.argotunnel.com  PASS    HTTP/2 connection successful  |
2026-09-17T19:29:20Z INF |  Cloudflare API    api.cloudflare.com:443     PASS    API is reachable              |
2026-09-17T19:29:20Z INF |                                                                                     |
2026-09-17T19:29:20Z INF |  SUMMARY: Environment is healthy. cloudflared will use 'quic' as primary protocol.  |
2026-09-17T19:29:20Z INF +-------------------------------------------------------------------------------------+
2026-09-17T19:29:20Z INF precheck component="DNS Resolution" details="DNS Resolved successfully" run_id=a33ec928-5994-4e69-bf72-a47189a892ab status=pass target=region1.v2.argotunnel.com
2026-09-17T19:29:20Z INF precheck component="DNS Resolution" details="DNS Resolved successfully" run_id=a33ec928-5994-4e69-bf72-a47189a892ab status=pass target=region2.v2.argotunnel.com
2026-09-17T19:29:20Z INF precheck component="UDP Connectivity" details="QUIC connection successful" run_id=a33ec928-5994-4e69-bf72-a47189a892ab status=pass target=region1.v2.argotunnel.com
2026-09-17T19:29:20Z INF precheck component="UDP Connectivity" details="QUIC connection successful" run_id=a33ec928-5994-4e69-bf72-a47189a892ab status=pass target=region2.v2.argotunnel.com
2026-09-17T19:29:20Z INF precheck component="TCP Connectivity" details="HTTP/2 connection successful" run_id=a33ec928-5994-4e69-bf72-a47189a892ab status=pass target=region1.v2.argotunnel.com
2026-09-17T19:29:20Z INF precheck component="TCP Connectivity" details="HTTP/2 connection successful" run_id=a33ec928-5994-4e69-bf72-a47189a892ab status=pass target=region2.v2.argotunnel.com
2026-09-17T19:29:20Z INF precheck component="Cloudflare API" details="API is reachable" run_id=a33ec928-5994-4e69-bf72-a47189a892ab status=pass target=api.cloudflare.com:443
2026-09-17T19:29:20Z INF precheck complete hard_fail=false run_id=a33ec928-5994-4e69-bf72-a47189a892ab suggested_protocol=quic
2026-09-17T19:29:21Z INF Registered tunnel connection connIndex=0 connection=00290b0b-8bc6-4ebc-89da-c02eed8690c8 event=0 ip=2606:4700:a0::1 location=hyd03 protocol=quic
2026-09-17T19:35:56Z ERR  error="stream 37 canceled by remote with error code 0" connIndex=0 event=1 ingressRule=0 originService=http://127.0.0.1:5001
2026-09-17T19:35:56Z ERR Request failed error="stream 37 canceled by remote with error code 0" connIndex=0 dest=https://biotechnology-initiative-suits-sur.trycloudflare.com/api/events event=0 ip=2606:4700:a0::1 type=http
2026-09-17T19:46:20Z INF Initiating graceful shutdown due to signal terminated ...
2026-09-17T19:46:20Z INF Retrying connection in up to 1s connIndex=0 event=0 ip=2606:4700:a0::1
2026-09-17T19:46:20Z ERR Connection terminated connIndex=0
2026-09-17T19:46:20Z ERR no more connections active and exiting
2026-09-17T19:46:20Z INF Tunnel server stopped
2026-09-17T19:46:20Z INF Metrics server stopped
